==11882== Memcheck, a memory error detector
==11882== Copyright (C) 2002-2017, and GNU GPL'd, by Julian Seward et al.
==11882== Using Valgrind-3.18.1 and LibVEX; rerun with -h for copyright info
==11882== Command: ./app.exe test.data res.txt s
==11882== Parent PID: 4069
==11882== 
==11882== 
==11882== HEAP SUMMARY:
==11882==     in use at exit: 72 bytes in 4 blocks
==11882==   total heap usage: 13 allocs, 9 frees, 9,292 bytes allocated
==11882== 
==11882== 72 (16 direct, 56 indirect) bytes in 1 blocks are definitely lost in loss record 3 of 3
==11882==    at 0x484DA83: calloc (in /usr/libexec/valgrind/vgpreload_memcheck-amd64-linux.so)
==11882==    by 0x1097B3: sort (operations.c:68)
==11882==    by 0x109AB3: main (main.c:95)
==11882== 
==11882== LEAK SUMMARY:
==11882==    definitely lost: 16 bytes in 1 blocks
==11882==    indirectly lost: 56 bytes in 3 blocks
==11882==      possibly lost: 0 bytes in 0 blocks
==11882==    still reachable: 0 bytes in 0 blocks
==11882==         suppressed: 0 bytes in 0 blocks
==11882== 
==11882== ERROR SUMMARY: 1 errors from 1 contexts (suppressed: 0 from 0)
